
🚀 NEXA Chat v3
🌐 http://127.0.0.1:8080

Traceback (most recent call last):
  File "/data/data/com.termux/files/home/nexa-chat/app.py", line 1937, in <module>
    ThreadingHTTPServer(
    ~~~~~~~~~~~~~~~~~~~^
        ("0.0.0.0",8080),
        ^^^^^^^^^^^^^^^^^
        Server
        ^^^^^^
    ).serve_forever()
    ^
  File "/data/data/com.termux/files/usr/lib/python3.13/socketserver.py", line 457, in __init__
    self.server_bind()
    ~~~~~~~~~~~~~~~~^^
  File "/data/data/com.termux/files/usr/lib/python3.13/http/server.py", line 140, in server_bind
    socketserver.TCPServer.server_bind(self)
    ~~~~~~~~~~~~~~~~~~~~~~~~~~~~~~~~~~^^^^^^
  File "/data/data/com.termux/files/usr/lib/python3.13/socketserver.py", line 478, in server_bind
    self.socket.bind(self.server_address)
    ~~~~~~~~~~~~~~~~^^^^^^^^^^^^^^^^^^^^^
OSError: [Errno 98] Address already in use
